[INFO] Scanning for projects...
[INFO] 
[INFO] ------------------< com.escuelaing:usuarios-service >-------------------
[INFO] Building usuarios-service 1.0.0
[INFO]   from pom.xml
[INFO] --------------------------------[ jar ]---------------------------------
[INFO] 
[INFO] --- clean:3.3.2:clean (default-clean) @ usuarios-service ---
[INFO] Deleting C:\Users\karol\OneDrive\Documents\PATRICIA\PATRICIA_User_Backend\target
[INFO] 
[INFO] --- resources:3.3.1:resources (default-resources) @ usuarios-service ---
[INFO] Copying 1 resource from src\main\resources to target\classes
[INFO] Copying 10 resources from src\main\resources to target\classes
[INFO] 
[INFO] --- compiler:3.13.0:compile (default-compile) @ usuarios-service ---
[INFO] Recompiling the module because of changed source code.
[INFO] Compiling 150 source files with javac [debug parameters release 21] to target\classes
[INFO] -------------------------------------------------------------
[ERROR] COMPILATION ERROR : 
[INFO] -------------------------------------------------------------
[ERROR] /C:/Users/karol/OneDrive/Documents/PATRICIA/PATRICIA_User_Backend/src/main/java/com/escuelaing/usuarios/infrastructure/rest/controller/PerfilController.java:[171,49] method buscarUsuarios(java.lang.String,int,org.springframework.security.core.Authentication) is already defined in class com.escuelaing.usuarios.infrastructure.rest.controller.PerfilController
[ERROR] /C:/Users/karol/OneDrive/Documents/PATRICIA/PATRICIA_User_Backend/src/main/java/com/escuelaing/usuarios/infrastructure/rest/controller/PerfilController.java:[181,18] method usuarioIdAutenticado(org.springframework.security.core.Authentication) is already defined in class com.escuelaing.usuarios.infrastructure.rest.controller.PerfilController
[ERROR] /C:/Users/karol/OneDrive/Documents/PATRICIA/PATRICIA_User_Backend/src/main/java/com/escuelaing/usuarios/infrastructure/persistence/mapper/FotoEntityMapper.java:[19,23] cannot find symbol
  symbol:   method getId()
  location: variable entity of type com.escuelaing.usuarios.infrastructure.persistence.entity.FotoEntity
[ERROR] /C:/Users/karol/OneDrive/Documents/PATRICIA/PATRICIA_User_Backend/src/main/java/com/escuelaing/usuarios/infrastructure/persistence/mapper/FotoEntityMapper.java:[20,23] cannot find symbol
  symbol:   method getUsuarioId()
  location: variable entity of type com.escuelaing.usuarios.infrastructure.persistence.entity.FotoEntity
[ERROR] /C:/Users/karol/OneDrive/Documents/PATRICIA/PATRICIA_User_Backend/src/main/java/com/escuelaing/usuarios/infrastructure/persistence/mapper/FotoEntityMapper.java:[21,23] cannot find symbol
  symbol:   method getUrlFoto()
  location: variable entity of type com.escuelaing.usuarios.infrastructure.persistence.entity.FotoEntity
[ERROR] /C:/Users/karol/OneDrive/Documents/PATRICIA/PATRICIA_User_Backend/src/main/java/com/escuelaing/usuarios/infrastructure/persistence/mapper/FotoEntityMapper.java:[22,23] cannot find symbol
  symbol:   method getOrden()
  location: variable entity of type com.escuelaing.usuarios.infrastructure.persistence.entity.FotoEntity
[ERROR] /C:/Users/karol/OneDrive/Documents/PATRICIA/PATRICIA_User_Backend/src/main/java/com/escuelaing/usuarios/infrastructure/persistence/mapper/FotoEntityMapper.java:[23,23] cannot find symbol
  symbol:   method getFechaSubida()
  location: variable entity of type com.escuelaing.usuarios.infrastructure.persistence.entity.FotoEntity
[ERROR] /C:/Users/karol/OneDrive/Documents/PATRICIA/PATRICIA_User_Backend/src/main/java/com/escuelaing/usuarios/infrastructure/persistence/mapper/FotoEntityMapper.java:[24,23] cannot find symbol
  symbol:   method isTienePersonaEnFoto()
  location: variable entity of type com.escuelaing.usuarios.infrastructure.persistence.entity.FotoEntity
[ERROR] /C:/Users/karol/OneDrive/Documents/PATRICIA/PATRICIA_User_Backend/src/main/java/com/escuelaing/usuarios/infrastructure/persistence/mapper/FotoEntityMapper.java:[32,26] cannot find symbol
  symbol:   method builder()
  location: class com.escuelaing.usuarios.infrastructure.persistence.entity.FotoEntity
[ERROR] /C:/Users/karol/OneDrive/Documents/PATRICIA/PATRICIA_User_Backend/src/main/java/com/escuelaing/usuarios/infrastructure/persistence/adapter/LogroRepositoryAdapter.java:[38,55] cannot find symbol
  symbol:   method builder()
  location: class com.escuelaing.usuarios.infrastructure.persistence.entity.LogroUsuarioEntity
[ERROR] /C:/Users/karol/OneDrive/Documents/PATRICIA/PATRICIA_User_Backend/src/main/java/com/escuelaing/usuarios/infrastructure/persistence/adapter/LogroRepositoryAdapter.java:[60,51] cannot find symbol
  symbol:   method getCodigo()
  location: variable entity of type com.escuelaing.usuarios.infrastructure.persistence.entity.LogroUsuarioEntity
[ERROR] /C:/Users/karol/OneDrive/Documents/PATRICIA/PATRICIA_User_Backend/src/main/java/com/escuelaing/usuarios/infrastructure/persistence/adapter/LogroRepositoryAdapter.java:[60,72] cannot find symbol
  symbol:   method getFechaDesbloqueo()
  location: variable entity of type com.escuelaing.usuarios.infrastructure.persistence.entity.LogroUsuarioEntity
[ERROR] /C:/Users/karol/OneDrive/Documents/PATRICIA/PATRICIA_User_Backend/src/main/java/com/escuelaing/usuarios/infrastructure/persistence/adapter/LogroSenalRepositoryAdapter.java:[37,73] cannot find symbol
  symbol:   method builder()
  location: class com.escuelaing.usuarios.infrastructure.persistence.entity.LogroParcheRegistradoEntity
[ERROR] /C:/Users/karol/OneDrive/Documents/PATRICIA/PATRICIA_User_Backend/src/main/java/com/escuelaing/usuarios/infrastructure/persistence/adapter/LogroSenalRepositoryAdapter.java:[67,71] cannot find symbol
  symbol:   method builder()
  location: class com.escuelaing.usuarios.infrastructure.persistence.entity.LogroMatchRegistradoEntity
[ERROR] /C:/Users/karol/OneDrive/Documents/PATRICIA/PATRICIA_User_Backend/src/main/java/com/escuelaing/usuarios/infrastructure/persistence/mapper/PerfilEntityMapper.java:[23,45] cannot find symbol
  symbol:   method getFranjasDisponibilidad()
  location: variable entity of type com.escuelaing.usuarios.infrastructure.persistence.entity.PerfilEntity
[ERROR] /C:/Users/karol/OneDrive/Documents/PATRICIA/PATRICIA_User_Backend/src/main/java/com/escuelaing/usuarios/infrastructure/persistence/mapper/PerfilEntityMapper.java:[25,25] cannot find symbol
  symbol:   method getFranjasDisponibilidad()
  location: variable entity of type com.escuelaing.usuarios.infrastructure.persistence.entity.PerfilEntity
[ERROR] /C:/Users/karol/OneDrive/Documents/PATRICIA/PATRICIA_User_Backend/src/main/java/com/escuelaing/usuarios/infrastructure/persistence/mapper/PerfilEntityMapper.java:[31,23] cannot find symbol
  symbol:   method getId()
  location: variable entity of type com.escuelaing.usuarios.infrastructure.persistence.entity.PerfilEntity
[ERROR] /C:/Users/karol/OneDrive/Documents/PATRICIA/PATRICIA_User_Backend/src/main/java/com/escuelaing/usuarios/infrastructure/persistence/mapper/PerfilEntityMapper.java:[32,23] cannot find symbol
  symbol:   method getUsuarioId()
  location: variable entity of type com.escuelaing.usuarios.infrastructure.persistence.entity.PerfilEntity
[ERROR] /C:/Users/karol/OneDrive/Documents/PATRICIA/PATRICIA_User_Backend/src/main/java/com/escuelaing/usuarios/infrastructure/persistence/mapper/PerfilEntityMapper.java:[33,23] cannot find symbol
  symbol:   method getNombre()
  location: variable entity of type com.escuelaing.usuarios.infrastructure.persistence.entity.PerfilEntity
[ERROR] /C:/Users/karol/OneDrive/Documents/PATRICIA/PATRICIA_User_Backend/src/main/java/com/escuelaing/usuarios/infrastructure/persistence/mapper/PerfilEntityMapper.java:[34,23] cannot find symbol
  symbol:   method getApellidos()
  location: variable entity of type com.escuelaing.usuarios.infrastructure.persistence.entity.PerfilEntity
[ERROR] /C:/Users/karol/OneDrive/Documents/PATRICIA/PATRICIA_User_Backend/src/main/java/com/escuelaing/usuarios/infrastructure/persistence/mapper/PerfilEntityMapper.java:[35,23] cannot find symbol
  symbol:   method getBio()
  location: variable entity of type com.escuelaing.usuarios.infrastructure.persistence.entity.PerfilEntity
[ERROR] /C:/Users/karol/OneDrive/Documents/PATRICIA/PATRICIA_User_Backend/src/main/java/com/escuelaing/usuarios/infrastructure/persistence/mapper/PerfilEntityMapper.java:[36,23] cannot find symbol
  symbol:   method getCarrera()
  location: variable entity of type com.escuelaing.usuarios.infrastructure.persistence.entity.PerfilEntity
[ERROR] /C:/Users/karol/OneDrive/Documents/PATRICIA/PATRICIA_User_Backend/src/main/java/com/escuelaing/usuarios/infrastructure/persistence/mapper/PerfilEntityMapper.java:[37,23] cannot find symbol
  symbol:   method getSegundaCarrera()
  location: variable entity of type com.escuelaing.usuarios.infrastructure.persistence.entity.PerfilEntity
[ERROR] /C:/Users/karol/OneDrive/Documents/PATRICIA/PATRICIA_User_Backend/src/main/java/com/escuelaing/usuarios/infrastructure/persistence/mapper/PerfilEntityMapper.java:[38,23] cannot find symbol
  symbol:   method getSemestre()
  location: variable entity of type com.escuelaing.usuarios.infrastructure.persistence.entity.PerfilEntity
[ERROR] /C:/Users/karol/OneDrive/Documents/PATRICIA/PATRICIA_User_Backend/src/main/java/com/escuelaing/usuarios/infrastructure/persistence/mapper/PerfilEntityMapper.java:[39,23] cannot find symbol
  symbol:   method getFechaNacimiento()
  location: variable entity of type com.escuelaing.usuarios.infrastructure.persistence.entity.PerfilEntity
[ERROR] /C:/Users/karol/OneDrive/Documents/PATRICIA/PATRICIA_User_Backend/src/main/java/com/escuelaing/usuarios/infrastructure/persistence/mapper/PerfilEntityMapper.java:[40,23] cannot find symbol
  symbol:   method getGenero()
  location: variable entity of type com.escuelaing.usuarios.infrastructure.persistence.entity.PerfilEntity
[ERROR] /C:/Users/karol/OneDrive/Documents/PATRICIA/PATRICIA_User_Backend/src/main/java/com/escuelaing/usuarios/infrastructure/persistence/mapper/PerfilEntityMapper.java:[41,23] cannot find symbol
  symbol:   method getIntereses()
  location: variable entity of type com.escuelaing.usuarios.infrastructure.persistence.entity.PerfilEntity
[ERROR] /C:/Users/karol/OneDrive/Documents/PATRICIA/PATRICIA_User_Backend/src/main/java/com/escuelaing/usuarios/infrastructure/persistence/mapper/PerfilEntityMapper.java:[42,23] cannot find symbol
  symbol:   method getDisponibilidad()
  location: variable entity of type com.escuelaing.usuarios.infrastructure.persistence.entity.PerfilEntity
[ERROR] /C:/Users/karol/OneDrive/Documents/PATRICIA/PATRICIA_User_Backend/src/main/java/com/escuelaing/usuarios/infrastructure/persistence/mapper/PerfilEntityMapper.java:[43,23] cannot find symbol
  symbol:   method getUrlFotoPerfil()
  location: variable entity of type com.escuelaing.usuarios.infrastructure.persistence.entity.PerfilEntity
[ERROR] /C:/Users/karol/OneDrive/Documents/PATRICIA/PATRICIA_User_Backend/src/main/java/com/escuelaing/usuarios/infrastructure/persistence/mapper/PerfilEntityMapper.java:[44,23] cannot find symbol
  symbol:   method isTienePersonaEnFoto()
  location: variable entity of type com.escuelaing.usuarios.infrastructure.persistence.entity.PerfilEntity
[ERROR] /C:/Users/karol/OneDrive/Documents/PATRICIA/PATRICIA_User_Backend/src/main/java/com/escuelaing/usuarios/infrastructure/persistence/mapper/PerfilEntityMapper.java:[46,23] cannot find symbol
  symbol:   method isOnboardingCompleto()
  location: variable entity of type com.escuelaing.usuarios.infrastructure.persistence.entity.PerfilEntity
[ERROR] /C:/Users/karol/OneDrive/Documents/PATRICIA/PATRICIA_User_Backend/src/main/java/com/escuelaing/usuarios/infrastructure/persistence/mapper/PerfilEntityMapper.java:[47,23] cannot find symbol
  symbol:   method getFechaActualizacion()
  location: variable entity of type com.escuelaing.usuarios.infrastructure.persistence.entity.PerfilEntity
[ERROR] /C:/Users/karol/OneDrive/Documents/PATRICIA/PATRICIA_User_Backend/src/main/java/com/escuelaing/usuarios/infrastructure/persistence/mapper/PerfilEntityMapper.java:[57,54] cannot find symbol
  symbol:   method builder()
  location: class com.escuelaing.usuarios.infrastructure.persistence.entity.FranjaHorariaEntity
[ERROR] /C:/Users/karol/OneDrive/Documents/PATRICIA/PATRICIA_User_Backend/src/main/java/com/escuelaing/usuarios/infrastructure/persistence/mapper/PerfilEntityMapper.java:[64,33] incompatible types: bad type in conditional expression
    inference variable T has incompatible bounds
      equality constraints: com.escuelaing.usuarios.infrastructure.persistence.entity.FranjaHorariaEntity
      lower bounds: java.lang.Object
[ERROR] /C:/Users/karol/OneDrive/Documents/PATRICIA/PATRICIA_User_Backend/src/main/java/com/escuelaing/usuarios/infrastructure/persistence/mapper/PerfilEntityMapper.java:[66,28] cannot find symbol
  symbol:   method builder()
  location: class com.escuelaing.usuarios.infrastructure.persistence.entity.PerfilEntity
[ERROR] /C:/Users/karol/OneDrive/Documents/PATRICIA/PATRICIA_User_Backend/src/main/java/com/escuelaing/usuarios/infrastructure/persistence/mapper/UsuarioEntityMapper.java:[19,23] cannot find symbol
  symbol:   method getId()
  location: variable entity of type com.escuelaing.usuarios.infrastructure.persistence.entity.UsuarioEntity
[ERROR] /C:/Users/karol/OneDrive/Documents/PATRICIA/PATRICIA_User_Backend/src/main/java/com/escuelaing/usuarios/infrastructure/persistence/mapper/UsuarioEntityMapper.java:[20,23] cannot find symbol
  symbol:   method getEmail()
  location: variable entity of type com.escuelaing.usuarios.infrastructure.persistence.entity.UsuarioEntity
[ERROR] /C:/Users/karol/OneDrive/Documents/PATRICIA/PATRICIA_User_Backend/src/main/java/com/escuelaing/usuarios/infrastructure/persistence/mapper/UsuarioEntityMapper.java:[21,23] cannot find symbol
  symbol:   method getNombre()
  location: variable entity of type com.escuelaing.usuarios.infrastructure.persistence.entity.UsuarioEntity
[ERROR] /C:/Users/karol/OneDrive/Documents/PATRICIA/PATRICIA_User_Backend/src/main/java/com/escuelaing/usuarios/infrastructure/persistence/mapper/UsuarioEntityMapper.java:[22,23] cannot find symbol
  symbol:   method getMicrosoftId()
  location: variable entity of type com.escuelaing.usuarios.infrastructure.persistence.entity.UsuarioEntity
[ERROR] /C:/Users/karol/OneDrive/Documents/PATRICIA/PATRICIA_User_Backend/src/main/java/com/escuelaing/usuarios/infrastructure/persistence/mapper/UsuarioEntityMapper.java:[23,23] cannot find symbol
  symbol:   method getEstado()
  location: variable entity of type com.escuelaing.usuarios.infrastructure.persistence.entity.UsuarioEntity
[ERROR] /C:/Users/karol/OneDrive/Documents/PATRICIA/PATRICIA_User_Backend/src/main/java/com/escuelaing/usuarios/infrastructure/persistence/mapper/UsuarioEntityMapper.java:[24,23] cannot find symbol
  symbol:   method getRoles()
  location: variable entity of type com.escuelaing.usuarios.infrastructure.persistence.entity.UsuarioEntity
[ERROR] /C:/Users/karol/OneDrive/Documents/PATRICIA/PATRICIA_User_Backend/src/main/java/com/escuelaing/usuarios/infrastructure/persistence/mapper/UsuarioEntityMapper.java:[25,23] cannot find symbol
  symbol:   method getFechaCreacion()
  location: variable entity of type com.escuelaing.usuarios.infrastructure.persistence.entity.UsuarioEntity
[ERROR] /C:/Users/karol/OneDrive/Documents/PATRICIA/PATRICIA_User_Backend/src/main/java/com/escuelaing/usuarios/infrastructure/persistence/mapper/UsuarioEntityMapper.java:[26,23] cannot find symbol
  symbol:   method getFechaActualizacion()
  location: variable entity of type com.escuelaing.usuarios.infrastructure.persistence.entity.UsuarioEntity
[ERROR] /C:/Users/karol/OneDrive/Documents/PATRICIA/PATRICIA_User_Backend/src/main/java/com/escuelaing/usuarios/infrastructure/persistence/mapper/UsuarioEntityMapper.java:[27,23] cannot find symbol
  symbol:   method getUltimoAcceso()
  location: variable entity of type com.escuelaing.usuarios.infrastructure.persistence.entity.UsuarioEntity
[ERROR] /C:/Users/karol/OneDrive/Documents/PATRICIA/PATRICIA_User_Backend/src/main/java/com/escuelaing/usuarios/infrastructure/persistence/mapper/UsuarioEntityMapper.java:[28,23] cannot find symbol
  symbol:   method getContadorReportes()
  location: variable entity of type com.escuelaing.usuarios.infrastructure.persistence.entity.UsuarioEntity
[ERROR] /C:/Users/karol/OneDrive/Documents/PATRICIA/PATRICIA_User_Backend/src/main/java/com/escuelaing/usuarios/infrastructure/persistence/mapper/UsuarioEntityMapper.java:[29,23] cannot find symbol
  symbol:   method getFechaSolicitudEliminacion()
  location: variable entity of type com.escuelaing.usuarios.infrastructure.persistence.entity.UsuarioEntity
[ERROR] /C:/Users/karol/OneDrive/Documents/PATRICIA/PATRICIA_User_Backend/src/main/java/com/escuelaing/usuarios/infrastructure/persistence/mapper/UsuarioEntityMapper.java:[37,29] cannot find symbol
  symbol:   method builder()
  location: class com.escuelaing.usuarios.infrastructure.persistence.entity.UsuarioEntity
[INFO] 47 errors 
[INFO] -------------------------------------------------------------
[INFO] ------------------------------------------------------------------------
[INFO] BUILD FAILURE
[INFO] ------------------------------------------------------------------------
[INFO] Total time:  3.604 s
[INFO] Finished at: 2026-07-14T22:12:54-05:00
[INFO] ------------------------------------------------------------------------
[ERROR] Failed to execute goal org.apache.maven.plugins:maven-compiler-plugin:3.13.0:compile (default-compile) on project usuarios-service: Compilation failure: Compilation failure: 
[ERROR] /C:/Users/karol/OneDrive/Documents/PATRICIA/PATRICIA_User_Backend/src/main/java/com/escuelaing/usuarios/infrastructure/rest/controller/PerfilController.java:[171,49] method buscarUsuarios(java.lang.String,int,org.springframework.security.core.Authentication) is already defined in class com.escuelaing.usuarios.infrastructure.rest.controller.PerfilController
[ERROR] /C:/Users/karol/OneDrive/Documents/PATRICIA/PATRICIA_User_Backend/src/main/java/com/escuelaing/usuarios/infrastructure/rest/controller/PerfilController.java:[181,18] method usuarioIdAutenticado(org.springframework.security.core.Authentication) is already defined in class com.escuelaing.usuarios.infrastructure.rest.controller.PerfilController
[ERROR] /C:/Users/karol/OneDrive/Documents/PATRICIA/PATRICIA_User_Backend/src/main/java/com/escuelaing/usuarios/infrastructure/persistence/mapper/FotoEntityMapper.java:[19,23] cannot find symbol
[ERROR]   symbol:   method getId()
[ERROR]   location: variable entity of type com.escuelaing.usuarios.infrastructure.persistence.entity.FotoEntity
[ERROR] /C:/Users/karol/OneDrive/Documents/PATRICIA/PATRICIA_User_Backend/src/main/java/com/escuelaing/usuarios/infrastructure/persistence/mapper/FotoEntityMapper.java:[20,23] cannot find symbol
[ERROR]   symbol:   method getUsuarioId()
[ERROR]   location: variable entity of type com.escuelaing.usuarios.infrastructure.persistence.entity.FotoEntity
[ERROR] /C:/Users/karol/OneDrive/Documents/PATRICIA/PATRICIA_User_Backend/src/main/java/com/escuelaing/usuarios/infrastructure/persistence/mapper/FotoEntityMapper.java:[21,23] cannot find symbol
[ERROR]   symbol:   method getUrlFoto()
[ERROR]   location: variable entity of type com.escuelaing.usuarios.infrastructure.persistence.entity.FotoEntity
[ERROR] /C:/Users/karol/OneDrive/Documents/PATRICIA/PATRICIA_User_Backend/src/main/java/com/escuelaing/usuarios/infrastructure/persistence/mapper/FotoEntityMapper.java:[22,23] cannot find symbol
[ERROR]   symbol:   method getOrden()
[ERROR]   location: variable entity of type com.escuelaing.usuarios.infrastructure.persistence.entity.FotoEntity
[ERROR] /C:/Users/karol/OneDrive/Documents/PATRICIA/PATRICIA_User_Backend/src/main/java/com/escuelaing/usuarios/infrastructure/persistence/mapper/FotoEntityMapper.java:[23,23] cannot find symbol
[ERROR]   symbol:   method getFechaSubida()
[ERROR]   location: variable entity of type com.escuelaing.usuarios.infrastructure.persistence.entity.FotoEntity
[ERROR] /C:/Users/karol/OneDrive/Documents/PATRICIA/PATRICIA_User_Backend/src/main/java/com/escuelaing/usuarios/infrastructure/persistence/mapper/FotoEntityMapper.java:[24,23] cannot find symbol
[ERROR]   symbol:   method isTienePersonaEnFoto()
[ERROR]   location: variable entity of type com.escuelaing.usuarios.infrastructure.persistence.entity.FotoEntity
[ERROR] /C:/Users/karol/OneDrive/Documents/PATRICIA/PATRICIA_User_Backend/src/main/java/com/escuelaing/usuarios/infrastructure/persistence/mapper/FotoEntityMapper.java:[32,26] cannot find symbol
[ERROR]   symbol:   method builder()
[ERROR]   location: class com.escuelaing.usuarios.infrastructure.persistence.entity.FotoEntity
[ERROR] /C:/Users/karol/OneDrive/Documents/PATRICIA/PATRICIA_User_Backend/src/main/java/com/escuelaing/usuarios/infrastructure/persistence/adapter/LogroRepositoryAdapter.java:[38,55] cannot find symbol
[ERROR]   symbol:   method builder()
[ERROR]   location: class com.escuelaing.usuarios.infrastructure.persistence.entity.LogroUsuarioEntity
[ERROR] /C:/Users/karol/OneDrive/Documents/PATRICIA/PATRICIA_User_Backend/src/main/java/com/escuelaing/usuarios/infrastructure/persistence/adapter/LogroRepositoryAdapter.java:[60,51] cannot find symbol
[ERROR]   symbol:   method getCodigo()
[ERROR]   location: variable entity of type com.escuelaing.usuarios.infrastructure.persistence.entity.LogroUsuarioEntity
[ERROR] /C:/Users/karol/OneDrive/Documents/PATRICIA/PATRICIA_User_Backend/src/main/java/com/escuelaing/usuarios/infrastructure/persistence/adapter/LogroRepositoryAdapter.java:[60,72] cannot find symbol
[ERROR]   symbol:   method getFechaDesbloqueo()
[ERROR]   location: variable entity of type com.escuelaing.usuarios.infrastructure.persistence.entity.LogroUsuarioEntity
[ERROR] /C:/Users/karol/OneDrive/Documents/PATRICIA/PATRICIA_User_Backend/src/main/java/com/escuelaing/usuarios/infrastructure/persistence/adapter/LogroSenalRepositoryAdapter.java:[37,73] cannot find symbol
[ERROR]   symbol:   method builder()
[ERROR]   location: class com.escuelaing.usuarios.infrastructure.persistence.entity.LogroParcheRegistradoEntity
[ERROR] /C:/Users/karol/OneDrive/Documents/PATRICIA/PATRICIA_User_Backend/src/main/java/com/escuelaing/usuarios/infrastructure/persistence/adapter/LogroSenalRepositoryAdapter.java:[67,71] cannot find symbol
[ERROR]   symbol:   method builder()
[ERROR]   location: class com.escuelaing.usuarios.infrastructure.persistence.entity.LogroMatchRegistradoEntity
[ERROR] /C:/Users/karol/OneDrive/Documents/PATRICIA/PATRICIA_User_Backend/src/main/java/com/escuelaing/usuarios/infrastructure/persistence/mapper/PerfilEntityMapper.java:[23,45] cannot find symbol
[ERROR]   symbol:   method getFranjasDisponibilidad()
[ERROR]   location: variable entity of type com.escuelaing.usuarios.infrastructure.persistence.entity.PerfilEntity
[ERROR] /C:/Users/karol/OneDrive/Documents/PATRICIA/PATRICIA_User_Backend/src/main/java/com/escuelaing/usuarios/infrastructure/persistence/mapper/PerfilEntityMapper.java:[25,25] cannot find symbol
[ERROR]   symbol:   method getFranjasDisponibilidad()
[ERROR]   location: variable entity of type com.escuelaing.usuarios.infrastructure.persistence.entity.PerfilEntity
[ERROR] /C:/Users/karol/OneDrive/Documents/PATRICIA/PATRICIA_User_Backend/src/main/java/com/escuelaing/usuarios/infrastructure/persistence/mapper/PerfilEntityMapper.java:[31,23] cannot find symbol
[ERROR]   symbol:   method getId()
[ERROR]   location: variable entity of type com.escuelaing.usuarios.infrastructure.persistence.entity.PerfilEntity
[ERROR] /C:/Users/karol/OneDrive/Documents/PATRICIA/PATRICIA_User_Backend/src/main/java/com/escuelaing/usuarios/infrastructure/persistence/mapper/PerfilEntityMapper.java:[32,23] cannot find symbol
[ERROR]   symbol:   method getUsuarioId()
[ERROR]   location: variable entity of type com.escuelaing.usuarios.infrastructure.persistence.entity.PerfilEntity
[ERROR] /C:/Users/karol/OneDrive/Documents/PATRICIA/PATRICIA_User_Backend/src/main/java/com/escuelaing/usuarios/infrastructure/persistence/mapper/PerfilEntityMapper.java:[33,23] cannot find symbol
[ERROR]   symbol:   method getNombre()
[ERROR]   location: variable entity of type com.escuelaing.usuarios.infrastructure.persistence.entity.PerfilEntity
[ERROR] /C:/Users/karol/OneDrive/Documents/PATRICIA/PATRICIA_User_Backend/src/main/java/com/escuelaing/usuarios/infrastructure/persistence/mapper/PerfilEntityMapper.java:[34,23] cannot find symbol
[ERROR]   symbol:   method getApellidos()
[ERROR]   location: variable entity of type com.escuelaing.usuarios.infrastructure.persistence.entity.PerfilEntity
[ERROR] /C:/Users/karol/OneDrive/Documents/PATRICIA/PATRICIA_User_Backend/src/main/java/com/escuelaing/usuarios/infrastructure/persistence/mapper/PerfilEntityMapper.java:[35,23] cannot find symbol
[ERROR]   symbol:   method getBio()
[ERROR]   location: variable entity of type com.escuelaing.usuarios.infrastructure.persistence.entity.PerfilEntity
[ERROR] /C:/Users/karol/OneDrive/Documents/PATRICIA/PATRICIA_User_Backend/src/main/java/com/escuelaing/usuarios/infrastructure/persistence/mapper/PerfilEntityMapper.java:[36,23] cannot find symbol
[ERROR]   symbol:   method getCarrera()
[ERROR]   location: variable entity of type com.escuelaing.usuarios.infrastructure.persistence.entity.PerfilEntity
[ERROR] /C:/Users/karol/OneDrive/Documents/PATRICIA/PATRICIA_User_Backend/src/main/java/com/escuelaing/usuarios/infrastructure/persistence/mapper/PerfilEntityMapper.java:[37,23] cannot find symbol
[ERROR]   symbol:   method getSegundaCarrera()
[ERROR]   location: variable entity of type com.escuelaing.usuarios.infrastructure.persistence.entity.PerfilEntity
[ERROR] /C:/Users/karol/OneDrive/Documents/PATRICIA/PATRICIA_User_Backend/src/main/java/com/escuelaing/usuarios/infrastructure/persistence/mapper/PerfilEntityMapper.java:[38,23] cannot find symbol
[ERROR]   symbol:   method getSemestre()
[ERROR]   location: variable entity of type com.escuelaing.usuarios.infrastructure.persistence.entity.PerfilEntity
[ERROR] /C:/Users/karol/OneDrive/Documents/PATRICIA/PATRICIA_User_Backend/src/main/java/com/escuelaing/usuarios/infrastructure/persistence/mapper/PerfilEntityMapper.java:[39,23] cannot find symbol
[ERROR]   symbol:   method getFechaNacimiento()
[ERROR]   location: variable entity of type com.escuelaing.usuarios.infrastructure.persistence.entity.PerfilEntity
[ERROR] /C:/Users/karol/OneDrive/Documents/PATRICIA/PATRICIA_User_Backend/src/main/java/com/escuelaing/usuarios/infrastructure/persistence/mapper/PerfilEntityMapper.java:[40,23] cannot find symbol
[ERROR]   symbol:   method getGenero()
[ERROR]   location: variable entity of type com.escuelaing.usuarios.infrastructure.persistence.entity.PerfilEntity
[ERROR] /C:/Users/karol/OneDrive/Documents/PATRICIA/PATRICIA_User_Backend/src/main/java/com/escuelaing/usuarios/infrastructure/persistence/mapper/PerfilEntityMapper.java:[41,23] cannot find symbol
[ERROR]   symbol:   method getIntereses()
[ERROR]   location: variable entity of type com.escuelaing.usuarios.infrastructure.persistence.entity.PerfilEntity
[ERROR] /C:/Users/karol/OneDrive/Documents/PATRICIA/PATRICIA_User_Backend/src/main/java/com/escuelaing/usuarios/infrastructure/persistence/mapper/PerfilEntityMapper.java:[42,23] cannot find symbol
[ERROR]   symbol:   method getDisponibilidad()
[ERROR]   location: variable entity of type com.escuelaing.usuarios.infrastructure.persistence.entity.PerfilEntity
[ERROR] /C:/Users/karol/OneDrive/Documents/PATRICIA/PATRICIA_User_Backend/src/main/java/com/escuelaing/usuarios/infrastructure/persistence/mapper/PerfilEntityMapper.java:[43,23] cannot find symbol
[ERROR]   symbol:   method getUrlFotoPerfil()
[ERROR]   location: variable entity of type com.escuelaing.usuarios.infrastructure.persistence.entity.PerfilEntity
[ERROR] /C:/Users/karol/OneDrive/Documents/PATRICIA/PATRICIA_User_Backend/src/main/java/com/escuelaing/usuarios/infrastructure/persistence/mapper/PerfilEntityMapper.java:[44,23] cannot find symbol
[ERROR]   symbol:   method isTienePersonaEnFoto()
[ERROR]   location: variable entity of type com.escuelaing.usuarios.infrastructure.persistence.entity.PerfilEntity
[ERROR] /C:/Users/karol/OneDrive/Documents/PATRICIA/PATRICIA_User_Backend/src/main/java/com/escuelaing/usuarios/infrastructure/persistence/mapper/PerfilEntityMapper.java:[46,23] cannot find symbol
[ERROR]   symbol:   method isOnboardingCompleto()
[ERROR]   location: variable entity of type com.escuelaing.usuarios.infrastructure.persistence.entity.PerfilEntity
[ERROR] /C:/Users/karol/OneDrive/Documents/PATRICIA/PATRICIA_User_Backend/src/main/java/com/escuelaing/usuarios/infrastructure/persistence/mapper/PerfilEntityMapper.java:[47,23] cannot find symbol
[ERROR]   symbol:   method getFechaActualizacion()
[ERROR]   location: variable entity of type com.escuelaing.usuarios.infrastructure.persistence.entity.PerfilEntity
[ERROR] /C:/Users/karol/OneDrive/Documents/PATRICIA/PATRICIA_User_Backend/src/main/java/com/escuelaing/usuarios/infrastructure/persistence/mapper/PerfilEntityMapper.java:[57,54] cannot find symbol
[ERROR]   symbol:   method builder()
[ERROR]   location: class com.escuelaing.usuarios.infrastructure.persistence.entity.FranjaHorariaEntity
[ERROR] /C:/Users/karol/OneDrive/Documents/PATRICIA/PATRICIA_User_Backend/src/main/java/com/escuelaing/usuarios/infrastructure/persistence/mapper/PerfilEntityMapper.java:[64,33] incompatible types: bad type in conditional expression
[ERROR]     inference variable T has incompatible bounds
[ERROR]       equality constraints: com.escuelaing.usuarios.infrastructure.persistence.entity.FranjaHorariaEntity
[ERROR]       lower bounds: java.lang.Object
[ERROR] /C:/Users/karol/OneDrive/Documents/PATRICIA/PATRICIA_User_Backend/src/main/java/com/escuelaing/usuarios/infrastructure/persistence/mapper/PerfilEntityMapper.java:[66,28] cannot find symbol
[ERROR]   symbol:   method builder()
[ERROR]   location: class com.escuelaing.usuarios.infrastructure.persistence.entity.PerfilEntity
[ERROR] /C:/Users/karol/OneDrive/Documents/PATRICIA/PATRICIA_User_Backend/src/main/java/com/escuelaing/usuarios/infrastructure/persistence/mapper/UsuarioEntityMapper.java:[19,23] cannot find symbol
[ERROR]   symbol:   method getId()
[ERROR]   location: variable entity of type com.escuelaing.usuarios.infrastructure.persistence.entity.UsuarioEntity
[ERROR] /C:/Users/karol/OneDrive/Documents/PATRICIA/PATRICIA_User_Backend/src/main/java/com/escuelaing/usuarios/infrastructure/persistence/mapper/UsuarioEntityMapper.java:[20,23] cannot find symbol
[ERROR]   symbol:   method getEmail()
[ERROR]   location: variable entity of type com.escuelaing.usuarios.infrastructure.persistence.entity.UsuarioEntity
[ERROR] /C:/Users/karol/OneDrive/Documents/PATRICIA/PATRICIA_User_Backend/src/main/java/com/escuelaing/usuarios/infrastructure/persistence/mapper/UsuarioEntityMapper.java:[21,23] cannot find symbol
[ERROR]   symbol:   method getNombre()
[ERROR]   location: variable entity of type com.escuelaing.usuarios.infrastructure.persistence.entity.UsuarioEntity
[ERROR] /C:/Users/karol/OneDrive/Documents/PATRICIA/PATRICIA_User_Backend/src/main/java/com/escuelaing/usuarios/infrastructure/persistence/mapper/UsuarioEntityMapper.java:[22,23] cannot find symbol
[ERROR]   symbol:   method getMicrosoftId()
[ERROR]   location: variable entity of type com.escuelaing.usuarios.infrastructure.persistence.entity.UsuarioEntity
[ERROR] /C:/Users/karol/OneDrive/Documents/PATRICIA/PATRICIA_User_Backend/src/main/java/com/escuelaing/usuarios/infrastructure/persistence/mapper/UsuarioEntityMapper.java:[23,23] cannot find symbol
[ERROR]   symbol:   method getEstado()
[ERROR]   location: variable entity of type com.escuelaing.usuarios.infrastructure.persistence.entity.UsuarioEntity
[ERROR] /C:/Users/karol/OneDrive/Documents/PATRICIA/PATRICIA_User_Backend/src/main/java/com/escuelaing/usuarios/infrastructure/persistence/mapper/UsuarioEntityMapper.java:[24,23] cannot find symbol
[ERROR]   symbol:   method getRoles()
[ERROR]   location: variable entity of type com.escuelaing.usuarios.infrastructure.persistence.entity.UsuarioEntity
[ERROR] /C:/Users/karol/OneDrive/Documents/PATRICIA/PATRICIA_User_Backend/src/main/java/com/escuelaing/usuarios/infrastructure/persistence/mapper/UsuarioEntityMapper.java:[25,23] cannot find symbol
[ERROR]   symbol:   method getFechaCreacion()
[ERROR]   location: variable entity of type com.escuelaing.usuarios.infrastructure.persistence.entity.UsuarioEntity
[ERROR] /C:/Users/karol/OneDrive/Documents/PATRICIA/PATRICIA_User_Backend/src/main/java/com/escuelaing/usuarios/infrastructure/persistence/mapper/UsuarioEntityMapper.java:[26,23] cannot find symbol
[ERROR]   symbol:   method getFechaActualizacion()
[ERROR]   location: variable entity of type com.escuelaing.usuarios.infrastructure.persistence.entity.UsuarioEntity
[ERROR] /C:/Users/karol/OneDrive/Documents/PATRICIA/PATRICIA_User_Backend/src/main/java/com/escuelaing/usuarios/infrastructure/persistence/mapper/UsuarioEntityMapper.java:[27,23] cannot find symbol
[ERROR]   symbol:   method getUltimoAcceso()
[ERROR]   location: variable entity of type com.escuelaing.usuarios.infrastructure.persistence.entity.UsuarioEntity
[ERROR] /C:/Users/karol/OneDrive/Documents/PATRICIA/PATRICIA_User_Backend/src/main/java/com/escuelaing/usuarios/infrastructure/persistence/mapper/UsuarioEntityMapper.java:[28,23] cannot find symbol
[ERROR]   symbol:   method getContadorReportes()
[ERROR]   location: variable entity of type com.escuelaing.usuarios.infrastructure.persistence.entity.UsuarioEntity
[ERROR] /C:/Users/karol/OneDrive/Documents/PATRICIA/PATRICIA_User_Backend/src/main/java/com/escuelaing/usuarios/infrastructure/persistence/mapper/UsuarioEntityMapper.java:[29,23] cannot find symbol
[ERROR]   symbol:   method getFechaSolicitudEliminacion()
[ERROR]   location: variable entity of type com.escuelaing.usuarios.infrastructure.persistence.entity.UsuarioEntity
[ERROR] /C:/Users/karol/OneDrive/Documents/PATRICIA/PATRICIA_User_Backend/src/main/java/com/escuelaing/usuarios/infrastructure/persistence/mapper/UsuarioEntityMapper.java:[37,29] cannot find symbol
[ERROR]   symbol:   method builder()
[ERROR]   location: class com.escuelaing.usuarios.infrastructure.persistence.entity.UsuarioEntity
[ERROR] -> [Help 1]
[ERROR] 
[ERROR] To see the full stack trace of the errors, re-run Maven with the -e switch.
[ERROR] Re-run Maven using the -X switch to enable full debug logging.
[ERROR] 
[ERROR] For more information about the errors and possible solutions, please read the following articles:
[ERROR] [Help 1] http://cwiki.apache.org/confluence/display/MAVEN/MojoFailureException
